* Parsing ../../memspecs/MICRON_1Gb_DDR2-1066_16bit_H.xml
# of acts	9
# of reads	8
# of precharges	9
ACT Cmd Energy	35013.9
PRE Cmd Energy	11488.9
Read Cmd Energy	14913.3
Write Cmd Energy	1931.71
ACT Std Energy	27516.7
ACT Std Energy total ranks	27516.7
PRE Std Energy	8631.89
Total Energy	99496.4
Average Power	200.119
